Screen.hpp:104:18:virtual void touchgfx::Screen::afterTransition()	0	static
Screen.hpp:144:18:virtual void touchgfx::Screen::handleTickEvent()	0	static
Screen.hpp:154:18:virtual void touchgfx::Screen::handleKeyEvent(uint8_t)	0	static
CallView.hpp:11:13:CallView::~CallView()	0	static
CallView.cpp:13:6:virtual void CallView::tearDownScreen()	0	static
CallView.cpp:8:6:virtual void CallView::setupScreen()	0	static
CallView.hpp:11:13:virtual CallView::~CallView()	8	static
CallView.cpp:3:1:CallView::CallView()	8	static
CallView.cpp:18:6:void CallView::updateTime(uint8_t, uint8_t, uint8_t)	0	static
