Screen.hpp:104:18:virtual void touchgfx::Screen::afterTransition()	0	static
Screen.hpp:144:18:virtual void touchgfx::Screen::handleTickEvent()	0	static
Screen.hpp:154:18:virtual void touchgfx::Screen::handleKeyEvent(uint8_t)	0	static
KeyView.hpp:11:13:KeyView::~KeyView()	0	static
KeyView.cpp:13:6:virtual void KeyView::tearDownScreen()	0	static
KeyView.cpp:8:6:virtual void KeyView::setupScreen()	0	static
KeyView.hpp:11:13:virtual KeyView::~KeyView()	8	static
KeyView.cpp:3:1:KeyView::KeyView()	8	static
