Screen.hpp:104:18:virtual void touchgfx::Screen::afterTransition()	0	static
Screen.hpp:144:18:virtual void touchgfx::Screen::handleTickEvent()	0	static
Screen.hpp:154:18:virtual void touchgfx::Screen::handleKeyEvent(uint8_t)	0	static
TypedText.hpp:65:13:touchgfx::TypedText::~TypedText()	0	static
SmsKeyView.hpp:12:13:SmsKeyView::~SmsKeyView()	0	static
SmsKeyView.cpp:18:6:virtual void SmsKeyView::tearDownScreen()	0	static
SmsKeyView.cpp:23:6:virtual void SmsKeyView::keyboardSelected(uint8_t)	0	static
SmsKeyView.cpp:13:6:virtual void SmsKeyView::setupScreen()	0	static
SmsKeyView.cpp:28:6:virtual void SmsKeyView::getBuffer()	16	static
SmsKeyView.cpp:52:6:virtual void SmsKeyView::clearBuffer()	0	static
TypedText.hpp:65:13:virtual touchgfx::TypedText::~TypedText()	8	static
SmsKeyView.hpp:12:13:virtual SmsKeyView::~SmsKeyView()	8	static
SmsKeyView.cpp:34:6:virtual void SmsKeyView::updateScreen()	8	static
SmsKeyView.cpp:7:1:SmsKeyView::SmsKeyView()	16	static
SmsKeyView.cpp:55:1:cpp)	0	static
