Screen.hpp:104:18:virtual void touchgfx::Screen::afterTransition()	0	static
Screen.hpp:144:18:virtual void touchgfx::Screen::handleTickEvent()	0	static
Screen.hpp:154:18:virtual void touchgfx::Screen::handleKeyEvent(uint8_t)	0	static
SmsView.hpp:11:13:SmsView::~SmsView()	0	static
SmsView.cpp:13:6:virtual void SmsView::tearDownScreen()	0	static
SmsView.cpp:8:6:virtual void SmsView::setupScreen()	0	static
SmsView.hpp:11:13:virtual SmsView::~SmsView()	8	static
SmsView.cpp:3:1:SmsView::SmsView()	8	static
SmsView.cpp:18:6:void SmsView::updateTime(uint8_t, uint8_t, uint8_t)	0	static
