Screen.hpp:104:18:virtual void touchgfx::Screen::afterTransition()	0	static
Screen.hpp:144:18:virtual void touchgfx::Screen::handleTickEvent()	0	static
Screen.hpp:154:18:virtual void touchgfx::Screen::handleKeyEvent(uint8_t)	0	static
callView.hpp:11:13:callView::~callView()	0	static
callView.cpp:13:6:virtual void callView::tearDownScreen()	0	static
callView.cpp:8:6:virtual void callView::setupScreen()	0	static
callView.hpp:11:13:virtual callView::~callView()	8	static
callView.cpp:3:1:callView::callView()	8	static
