Screen.hpp:104:18:virtual void touchgfx::Screen::afterTransition()	0	static
Screen.hpp:144:18:virtual void touchgfx::Screen::handleTickEvent()	0	static
Screen.hpp:154:18:virtual void touchgfx::Screen::handleKeyEvent(uint8_t)	0	static
RecordingsView.hpp:11:13:RecordingsView::~RecordingsView()	0	static
recordingsView.cpp:13:6:virtual void RecordingsView::tearDownScreen()	0	static
recordingsView.cpp:8:6:virtual void RecordingsView::setupScreen()	0	static
RecordingsView.hpp:11:13:virtual RecordingsView::~RecordingsView()	8	static
recordingsView.cpp:3:1:RecordingsView::RecordingsView()	8	static
recordingsView.cpp:18:6:void RecordingsView::updateTime(uint8_t, uint8_t, uint8_t)	0	static
