Screen.hpp:104:18:virtual void touchgfx::Screen::afterTransition()	0	static
Screen.hpp:144:18:virtual void touchgfx::Screen::handleTickEvent()	0	static
Screen.hpp:154:18:virtual void touchgfx::Screen::handleKeyEvent(uint8_t)	0	static
settingsView.hpp:11:13:settingsView::~settingsView()	0	static
settingsView.cpp:13:6:virtual void settingsView::tearDownScreen()	0	static
settingsView.cpp:8:6:virtual void settingsView::setupScreen()	0	static
settingsView.hpp:11:13:virtual settingsView::~settingsView()	8	static
settingsView.cpp:3:1:settingsView::settingsView()	8	static
