Screen.hpp:104:18:virtual void touchgfx::Screen::afterTransition()	0	static
Screen.hpp:144:18:virtual void touchgfx::Screen::handleTickEvent()	0	static
Screen.hpp:154:18:virtual void touchgfx::Screen::handleKeyEvent(uint8_t)	0	static
callScreenView.hpp:11:13:callScreenView::~callScreenView()	0	static
callScreenView.cpp:13:6:virtual void callScreenView::tearDownScreen()	0	static
callScreenView.cpp:8:6:virtual void callScreenView::setupScreen()	0	static
callScreenView.hpp:11:13:virtual callScreenView::~callScreenView()	8	static
callScreenView.cpp:3:1:callScreenView::callScreenView()	8	static
