Screen.hpp:104:18:virtual void touchgfx::Screen::afterTransition()	0	static
Screen.hpp:144:18:virtual void touchgfx::Screen::handleTickEvent()	0	static
Screen.hpp:154:18:virtual void touchgfx::Screen::handleKeyEvent(uint8_t)	0	static
enterScreenView.hpp:11:13:enterScreenView::~enterScreenView()	0	static
enterScreenView.cpp:13:6:virtual void enterScreenView::tearDownScreen()	0	static
enterScreenView.cpp:8:6:virtual void enterScreenView::setupScreen()	0	static
enterScreenView.hpp:11:13:virtual enterScreenView::~enterScreenView()	8	static
enterScreenView.cpp:3:1:enterScreenView::enterScreenView()	8	static
