Screen.hpp:104:18:virtual void touchgfx::Screen::afterTransition()	0	static
Screen.hpp:144:18:virtual void touchgfx::Screen::handleTickEvent()	0	static
Screen.hpp:154:18:virtual void touchgfx::Screen::handleKeyEvent(uint8_t)	0	static
DoorsView.hpp:11:13:DoorsView::~DoorsView()	0	static
DoorsView.cpp:13:6:virtual void DoorsView::tearDownScreen()	0	static
DoorsView.cpp:8:6:virtual void DoorsView::setupScreen()	0	static
DoorsView.hpp:11:13:virtual DoorsView::~DoorsView()	8	static
DoorsView.cpp:3:1:DoorsView::DoorsView()	8	static
